[you.acoda.com/about-us/index.html]
[backblue.gif]
[fade.gif]
[index.html]
[you.acoda.com/wp-includes/js/jquery/jquery.js]
[you.acoda.com/wp-includes/js/jquery/jquery-migrate.min.js]
[you.acoda.com/wp-content/plugins/acoda-counters/assets/countid.min.js]
[you.acoda.com/wp-content/plugins/acoda-counters/assets/acoda_counters.min.js]
[you.acoda.com/wp-content/plugins/acoda-typewriter/assets/acoda_typewriter.min.js]
[you.acoda.com/wp-content/uploads/2017/12/7d9b3dcb3246f575673b5d02e1a146a9.js]
[you.acoda.com/wp-includes/js/jquery/ui/core.min.js]
[you.acoda.com/wp-includes/js/jquery/ui/effect.min.js]
[you.acoda.com/wp-content/themes/you/js/waypoints-sticky.min.js]
[acoda.com/js/fbevents.js]
[you.acoda.com/wp-content/uploads/2016/02/logo-150x150.jpg]
[you.acoda.com/wp-content/uploads/2016/02/logo.jpg]
[you.acoda.com/wp-content/uploads/2016/02/logo-180x180.jpg]
[you.acoda.com/wp-content/uploads/2016/02/hands-people-woman-working-compressor8057.jpg]
[you.acoda.com/wp-content/uploads/2015/11/multi-purpose-wordpress-theme.png]
[you.acoda.com/wp-content/uploads/2016/02/team-1.jpg]
[you.acoda.com/wp-content/uploads/2016/02/team-2.jpg]
[you.acoda.com/wp-content/uploads/2016/02/team-3.jpg]
[you.acoda.com/wp-content/uploads/2016/02/team-4.jpg]
[you.acoda.com/wp-content/uploads/2016/02/team-5.jpg]
[you.acoda.com/wp-content/uploads/2016/02/team-6.jpg]
[you.acoda.com/wp-content/uploads/2016/02/client-1.png]
[you.acoda.com/wp-content/uploads/2016/02/client-2.png]
[you.acoda.com/wp-content/uploads/2016/02/client-3.png]
[you.acoda.com/wp-content/uploads/2016/02/client-4.png]
[you.acoda.com/wp-content/uploads/2016/02/client-5.png]
[you.acoda.com/wp-content/uploads/2016/02/client-6.png]
[you.acoda.com/wp-content/themes/you/js/post-like.min.js]
[you.acoda.com/wp-content/uploads/2017/12/0011c28ff1e194d14698d2126714934e.js]
[you.acoda.com/wp-content/uploads/2017/12/d9cc8f6a8cd554fb7df651a16b962270.js]
[you.acoda.com/wp-content/plugins/woocommerce/assets/js/frontend/add-to-cart.min.js]
[you.acoda.com/wp-content/plugins/woocommerce/assets/js/jquery-blockui/jquery.blockUI.min.js]
[you.acoda.com/wp-content/plugins/woocommerce/assets/js/js-cookie/js.cookie.min.js]
[you.acoda.com/wp-content/plugins/woocommerce/assets/js/frontend/woocommerce.min.js]
[you.acoda.com/wp-content/plugins/woocommerce/assets/js/frontend/cart-fragments.min.js]
[you.acoda.com/wp-content/uploads/2017/12/05842341e4da477fc447a9cdb3acc4bc.js]
[you.acoda.com/wp-content/themes/you/js/row-shapes.min.js]
[you.acoda.com/wp-content/plugins/js_composer/assets/lib/waypoints/waypoints.min.js]
[you.acoda.com/wp-content/themes/you/js/jquery.fancybox.min.js]
[you.acoda.com/wp-content/uploads/2017/12/dc26ea19938ddd175c5a8873affc26a6-1.js]
[you.acoda.com/wp-includes/js/wp-embed.min.js]
[you.acoda.com/wp-content/plugins/js_composer/assets/js/dist/js_composer_front.min.js]
[you.acoda.com/wp-content/plugins/js_composer/assets/lib/bower/skrollr/dist/skrollr.min.js]
[you.acoda.com/wp-content/themes/you/js/jquery.cycle.plugin.min.js]
[you.acoda.com/wp-content/themes/you/js/touch.gestures.min.js]
[you.acoda.com/wp-content/themes/you/js/group.slider.min.js]
[you.acoda.com/about-us/index.html]
[you.acoda.com/wp-content/themes/you/css/like-styles.min.css]
[you.acoda.com/wp-content/plugins/acoda-counters/assets/acoda_counters.min.css]
[you.acoda.com/wp-content/plugins/acoda-typewriter/assets/acoda_typewriter.min.css]
[you.acoda.com/wp-content/uploads/2017/12/012be5adeebf8535f2e8c4bb2a5ecdab.css]
[you.acoda.com/wp-content/uploads/2017/12/f3d0928da42a774ad11c1b36396b7b4b.css]
[you.acoda.com/wp-content/plugins/js_composer/assets/vc/alert.png]
[you.acoda.com/wp-content/plugins/js_composer/assets/vc/info.png]
[you.acoda.com/wp-content/plugins/js_composer/assets/vc/tick.png]
[you.acoda.com/wp-content/plugins/js_composer/assets/vc/exclamation.png]
[you.acoda.com/wp-content/plugins/js_composer/assets/images/icons/address-book.png]
[you.acoda.com/wp-content/plugins/js_composer/assets/images/icons/alarm-clock.png]
[you.acoda.com/wp-content/plugins/js_composer/assets/images/icons/anchor.png]
[you.acoda.com/wp-content/plugins/js_composer/assets/images/icons/application-image.png]
[you.acoda.com/wp-content/plugins/js_composer/assets/images/icons/arrow.png]
[you.acoda.com/wp-content/plugins/js_composer/assets/images/icons/asterisk.png]
[you.acoda.com/wp-content/plugins/js_composer/assets/images/icons/auction-hammer.png]
[you.acoda.com/wp-content/plugins/js_composer/assets/images/icons/balloon.png]
[you.acoda.com/wp-content/plugins/js_composer/assets/images/icons/balloon-buzz.png]
[you.acoda.com/wp-content/plugins/js_composer/assets/images/icons/balloon-facebook.png]
[you.acoda.com/wp-content/plugins/js_composer/assets/images/icons/balloon-twitter.png]
[you.acoda.com/wp-content/plugins/js_composer/assets/images/icons/battery-full.png]
[you.acoda.com/wp-content/plugins/js_composer/assets/images/icons/binocular.png]
[you.acoda.com/wp-content/plugins/js_composer/assets/images/icons/blue-document-excel.png]
[you.acoda.com/wp-content/plugins/js_composer/assets/images/icons/blue-document-image.png]
[you.acoda.com/wp-content/plugins/js_composer/assets/images/icons/blue-document-music.png]
[you.acoda.com/wp-content/plugins/js_composer/assets/images/icons/blue-document-office.png]
[you.acoda.com/wp-content/plugins/js_composer/assets/images/icons/blue-document-pdf.png]
[you.acoda.com/wp-content/plugins/js_composer/assets/images/icons/blue-document-powerpoint.png]
[you.acoda.com/wp-content/plugins/js_composer/assets/images/icons/blue-document-word.png]
[you.acoda.com/wp-content/plugins/js_composer/assets/images/icons/bookmark.png]
[you.acoda.com/wp-content/plugins/js_composer/assets/images/icons/camcorder.png]
[you.acoda.com/wp-content/plugins/js_composer/assets/images/icons/camera.png]
[you.acoda.com/wp-content/plugins/js_composer/assets/images/icons/chart.png]
[you.acoda.com/wp-content/plugins/js_composer/assets/images/icons/chart-pie.png]
[you.acoda.com/wp-content/plugins/js_composer/assets/images/icons/clock.png]
[you.acoda.com/wp-content/plugins/js_composer/assets/images/icons/control.png]
[you.acoda.com/wp-content/plugins/js_composer/assets/images/icons/fire.png]
[you.acoda.com/wp-content/plugins/js_composer/assets/images/icons/heart.png]
[you.acoda.com/wp-content/plugins/js_composer/assets/images/icons/mail.png]
[you.acoda.com/wp-content/plugins/js_composer/assets/images/icons/plus-shield.png]
[you.acoda.com/wp-content/plugins/js_composer/assets/images/icons/video.png]
[you.acoda.com/wp-content/plugins/js_composer/assets/images/toggle_open.png]
[you.acoda.com/wp-content/plugins/js_composer/assets/images/toggle_close.png]
[you.acoda.com/wp-content/plugins/js_composer/assets/images/flickr.png]
[you.acoda.com/wp-content/plugins/js_composer/assets/css/js_composer.min.css]
[you.acoda.com/wp-content/themes/you/images/fancybox/blank.gif]
[you.acoda.com/wp-content/uploads/2017/12/9efed1147ce1f757e78ec38f898d6a79.css]
[you.acoda.com/wp-content/plugins/js_composer/assets/lib/bower/font-awesome/css/font-awesome.min.css]
[you.acoda.com/wp-content/uploads/2017/12/40998dd7c6df14fea9c2abe477c2fa6d.css]
[you.acoda.com/wp-content/uploads/2017/12/ca781558a3151731055b49fe0f1e13fe.css]
[you.acoda.com/wp-content/plugins/js_composer/assets/lib/bower/animate-css/animate.min.css]
[you.acoda.com/wp-content/plugins/js_composer/assets/css/lib/vc-entypo/fonts/vc_entypo.eot]
[you.acoda.com/wp-content/plugins/js_composer/assets/css/lib/vc-entypo/fonts/vc_entypo.ttf]
[you.acoda.com/wp-content/plugins/js_composer/assets/css/lib/vc-entypo/vc_entypo.min.css]
[you.acoda.com/wp-content/themes/you/css/ihover.min.css]
[you.acoda.com/wp-content/plugins/js_composer/assets/css/lib/vc-entypo/fonts/vc_entypod41d.eot]
[you.acoda.com/wp-content/plugins/js_composer/assets/css/lib/vc-entypo/fonts/vc_entypo.svg]
[you.acoda.com/wp-content/plugins/js_composer/assets/css/lib/vc-entypo/fonts/vc_entypo.eot]
[you.acoda.com/wp-content/plugins/js_composer/assets/css/lib/vc-entypo/fonts/vc_entypo.woff]
